// Jest Snapshot v1, https://goo.gl/fbAQLP

exports[`Startup Filter renders the startup filter 1`] = `
ShallowWrapper {
  "length": 1,
  Symbol(enzyme.__root__): [Circular],
  Symbol(enzyme.__unrendered__): <StartupFilter
    filterStartups={[Function]}
/>,
  Symbol(enzyme.__renderer__): Object {
    "batchedUpdates": [Function],
    "getNode": [Function],
    "render": [Function],
    "simulateEvent": [Function],
    "unmount": [Function],
  },
  Symbol(enzyme.__node__): Object {
    "instance": null,
    "key": undefined,
    "nodeType": "host",
    "props": Object {
      "children": <input
        id="filter-input"
        onChange={[Function]}
        placeholder="Filter..."
/>,
    },
    "ref": null,
    "rendered": Object {
      "instance": null,
      "key": undefined,
      "nodeType": "host",
      "props": Object {
        "id": "filter-input",
        "onChange": [Function],
        "placeholder": "Filter...",
      },
      "ref": null,
      "rendered": null,
      "type": "input",
    },
    "type": "div",
  },
  Symbol(enzyme.__nodes__): Array [
    Object {
      "instance": null,
      "key": undefined,
      "nodeType": "host",
      "props": Object {
        "children": <input
          id="filter-input"
          onChange={[Function]}
          placeholder="Filter..."
/>,
      },
      "ref": null,
      "rendered": Object {
        "instance": null,
        "key": undefined,
        "nodeType": "host",
        "props": Object {
          "id": "filter-input",
          "onChange": [Function],
          "placeholder": "Filter...",
        },
        "ref": null,
        "rendered": null,
        "type": "input",
      },
      "type": "div",
    },
  ],
  Symbol(enzyme.__options__): Object {
    "adapter": ReactSixteenAdapter {
      "options": Object {
        "enableComponentDidUpdateOnSetState": true,
      },
    },
    "disableLifecycleMethods": true,
  },
}
`;
